// Jest Snapshot v1, https://goo.gl/fbAQLP

exports[`EvButton render correctly 1`] = `"<button type=\\"button\\" class=\\"ev-btn ev-btn-size-medium ev-btn-square\\"><span class=\\"ev-btn-span\\"></span></button>"`;
